// Jest Snapshot v1, https://goo.gl/fbAQLP

exports[`Test on <ToDoListItem /> should render the default component 1`] = `
<li
  className="list-group-item"
  key="1"
>
  <p
    className="text-center false"
    onClick={[Function]}
  >
    1
    . 
    Aprender React
  </p>
  <button
    className="btn btn-danger"
    onClick={[Function]}
  >
    X
  </button>
</li>
`;
