// Jest Snapshot v1, https://goo.gl/fbAQLP

exports[`Render testing of GifGrid component should render the component correctly 1`] = `
<div
  className="card animate__animated animate__backInLeft"
>
  <img
    alt="Title"
    src="http://localhost:3000/favicon.ico"
  />
  <p>
    Title
  </p>
</div>
`;
